2026-08-05 15:46:33,441 [INFO] 日志: D:\工作文件夹\宠物定位器\P55\测试工具\PG-Power\logs\pg_power_20260805_154633.log
2026-08-05 15:46:33,752 [WARNING] GPIB: Could not find module 'D:\工作文件夹\宠物定位器\P55\测试工具\PG-Power\ni4882.dll' (or one of its dependencies). Try using the full path with constructor syntax.
2026-08-05 15:46:37,012 [INFO] USB设备已连接: VID=1209 PID=7301 EP_IN=0x81 EP_OUT=0x02
2026-08-05 15:46:39,254 [INFO] 采集启动: mode=luatos, USB_OK=True, dev=DEVICE ID 1209:7301 on Bus 001 Address 007 =================
 bLength                :   0x12 (18 bytes)
 bDescriptorType        :    0x1 Device
 bcdUSB                 :  0x210 USB 2.1
 bDeviceClass           :    0x0 Specified at interface
 bDeviceSubClass        :    0x0
 bDeviceProtocol        :    0x0
 bMaxPacketSize0        :   0x40 (64 bytes)
 idVendor               : 0x1209
 idProduct              : 0x7301
 bcdDevice              :  0x100 Device 1.0
 iManufacturer          :    0x1 上海合宙通信有限公司
 iProduct               :    0x4 IotPower-cc
 iSerialNumber          :    0x3 CC-1A604F530
 bNumConfigurations     :    0x1
  CONFIGURATION 1: 200 mA ==================================
   bLength              :    0x9 (9 bytes)
   bDescriptorType      :    0x2 Configuration
   wTotalLength         :   0x20 (32 bytes)
   bNumInterfaces       :    0x1
   bConfigurationValue  :    0x1
   iConfiguration       :    0x0 
   bmAttributes         :   0x80 Bus Powered
   bMaxPower            :   0x64 (200 mA)
    INTERFACE 0: Vendor Specific ===========================
     bLength            :    0x9 (9 bytes)
     bDescriptorType    :    0x4 Interface
     bInterfaceNumber   :    0x0
     bAlternateSetting  :    0x0
     bNumEndpoints      :    0x2
     bInterfaceClass    :   0xff Vendor Specific
     bInterfaceSubClass :   0xff
     bInterfaceProtocol :    0x0
     iInterface         :    0x4 IotPower-cc
      ENDPOINT 0x81: Bulk IN ===============================
       bLength          :    0x7 (7 bytes)
       bDescriptorType  :    0x5 Endpoint
       bEndpointAddress :   0x81 IN
       bmAttributes     :    0x2 Bulk
       wMaxPacketSize   :   0x40 (64 bytes)
       bInterval        :    0x1
      ENDPOINT 0x2: Bulk OUT ===============================
       bLength          :    0x7 (7 bytes)
       bDescriptorType  :    0x5 Endpoint
       bEndpointAddress :    0x2 OUT
       bmAttributes     :    0x2 Bulk
       wMaxPacketSize   :   0x40 (64 bytes)
       bInterval        :    0x1
2026-08-05 15:46:39,256 [INFO] _loop线程已启动
2026-08-05 15:46:39,256 [INFO] 采集已启动
2026-08-05 15:46:39,259 [INFO] [ADC-RANGE] 电压量程 1→3，raw已归一化到量程1
2026-08-05 15:46:39,259 [DEBUG] [V-FILTER] 量程刚切换，跳过本次电压过滤（保护窗口）
2026-08-05 15:46:39,259 [INFO] #1 v_raw=16411 c_raw=448 → V=3.832 C=2.5uA
2026-08-05 15:46:39,335 [INFO] #2 v_raw=16411 c_raw=447 → V=3.832 C=2.4uA
2026-08-05 15:46:39,407 [INFO] #3 v_raw=16411 c_raw=448 → V=3.832 C=2.5uA
2026-08-05 15:46:40,055 [INFO] [BASELINE-RESET] 检测到负载切换，重置电压+电流基线+限幅器 c_med=2826(→285.5μA) 历史c_mid=447(→45.2μA) 电流变化=532%
2026-08-05 15:46:40,625 [DEBUG] [LIMITER] 2833→447 (变化6.3x)
2026-08-05 15:46:41,195 [INFO] [BASELINE-RESET] 检测到负载切换，重置电压+电流基线+限幅器 c_med=2840(→286.9μA) 历史c_mid=447(→45.2μA) 电流变化=535%
2026-08-05 15:46:41,765 [DEBUG] [LIMITER] 2847→448 (变化6.4x)
2026-08-05 15:46:45,147 [INFO] [BASELINE-RESET] 检测到负载切换，重置电压+电流基线+限幅器 c_med=2889(→291.8μA) 历史c_mid=448(→45.3μA) 电流变化=545%
2026-08-05 15:46:48,537 [INFO] [BASELINE-RESET] 检测到负载切换，重置电压+电流基线+限幅器 c_med=2932(→296.2μA) 历史c_mid=448(→45.3μA) 电流变化=554%
2026-08-05 15:46:51,923 [INFO] [BASELINE-RESET] 检测到负载切换，重置电压+电流基线+限幅器 c_med=2974(→300.4μA) 历史c_mid=448(→45.3μA) 电流变化=564%
2026-08-05 15:46:53,578 [INFO] #200 v_raw=16411 c_raw=447 → V=3.832 C=2.4uA
2026-08-05 15:46:53,651 [DEBUG] [V-FILTER-STAT] sample=200 v过滤=0(0.0%) c过滤≈0 v范围[16411,16411,16412]
2026-08-05 15:46:54,469 [INFO] 采集已停止
2026-08-05 15:46:56,220 [INFO] USB设备已断开
