2026-08-06 10:33:55,032 [INFO] 日志: D:\工作文件夹\宠物定位器\P55\测试工具\PG-Power\logs\pg_power_20260806_103355.log
2026-08-06 10:33:55,262 [WARNING] GPIB: Could not find module 'D:\工作文件夹\宠物定位器\P55\测试工具\PG-Power\ni4882.dll' (or one of its dependencies). Try using the full path with constructor syntax.
2026-08-06 10:34:03,348 [INFO] USB设备已连接: VID=1209 PID=7301 EP_IN=0x81 EP_OUT=0x02
2026-08-06 10:34:04,780 [INFO] 采集启动: mode=luatos, USB_OK=True, dev=DEVICE ID 1209:7301 on Bus 001 Address 005 =================
 bLength                :   0x12 (18 bytes)
 bDescriptorType        :    0x1 Device
 bcdUSB                 :  0x210 USB 2.1
 bDeviceClass           :    0x0 Specified at interface
 bDeviceSubClass        :    0x0
 bDeviceProtocol        :    0x0
 bMaxPacketSize0        :   0x40 (64 bytes)
 idVendor               : 0x1209
 idProduct              : 0x7301
 bcdDevice              :  0x100 Device 1.0
 iManufacturer          :    0x1 上海合宙通信有限公司
 iProduct               :    0x4 IotPower-cc
 iSerialNumber          :    0x3 CC-1A604F530
 bNumConfigurations     :    0x1
  CONFIGURATION 1: 200 mA ==================================
   bLength              :    0x9 (9 bytes)
   bDescriptorType      :    0x2 Configuration
   wTotalLength         :   0x20 (32 bytes)
   bNumInterfaces       :    0x1
   bConfigurationValue  :    0x1
   iConfiguration       :    0x0 
   bmAttributes         :   0x80 Bus Powered
   bMaxPower            :   0x64 (200 mA)
    INTERFACE 0: Vendor Specific ===========================
     bLength            :    0x9 (9 bytes)
     bDescriptorType    :    0x4 Interface
     bInterfaceNumber   :    0x0
     bAlternateSetting  :    0x0
     bNumEndpoints      :    0x2
     bInterfaceClass    :   0xff Vendor Specific
     bInterfaceSubClass :   0xff
     bInterfaceProtocol :    0x0
     iInterface         :    0x4 IotPower-cc
      ENDPOINT 0x81: Bulk IN ===============================
       bLength          :    0x7 (7 bytes)
       bDescriptorType  :    0x5 Endpoint
       bEndpointAddress :   0x81 IN
       bmAttributes     :    0x2 Bulk
       wMaxPacketSize   :   0x40 (64 bytes)
       bInterval        :    0x1
      ENDPOINT 0x2: Bulk OUT ===============================
       bLength          :    0x7 (7 bytes)
       bDescriptorType  :    0x5 Endpoint
       bEndpointAddress :    0x2 OUT
       bmAttributes     :    0x2 Bulk
       wMaxPacketSize   :   0x40 (64 bytes)
       bInterval        :    0x1
2026-08-06 10:34:04,781 [INFO] _loop线程已启动
2026-08-06 10:34:04,781 [INFO] 采集已启动
2026-08-06 10:34:04,782 [INFO] [ADC-RANGE] 电压量程 1→3，raw已归一化到量程1
2026-08-06 10:34:04,782 [DEBUG] [V-FILTER] 量程刚切换，跳过本次电压过滤（保护窗口）
2026-08-06 10:34:04,782 [INFO] #1 v_raw=16411 c_raw=446 → V=4.058 C=45.1uA
2026-08-06 10:34:04,852 [INFO] #2 v_raw=16411 c_raw=446 → V=4.058 C=45.1uA
2026-08-06 10:34:04,924 [INFO] #3 v_raw=16411 c_raw=446 → V=4.058 C=45.1uA
2026-08-06 10:34:05,066 [DEBUG] [LIMITER] 40440→447 (变化90.5x, 电流增加)
2026-08-06 10:34:08,449 [INFO] [BASELINE-RESET] 检测到负载切换，重置电压+电流基线+限幅器 c_med=40482(→4089.1μA) 历史c_mid=447(→45.2μA) 电流变化=8956%
2026-08-06 10:34:08,803 [DEBUG] [LIMITER-COOLDOWN] 冷却结束，等待自然基线
2026-08-06 10:34:09,018 [DEBUG] [LIMITER] 40489→447 (变化90.6x, 电流增加)
2026-08-06 10:34:09,588 [INFO] [BASELINE-RESET] 检测到负载切换，重置电压+电流基线+限幅器 c_med=40497(→4090.6μA) 历史c_mid=447(→45.2μA) 电流变化=8960%
2026-08-06 10:34:09,943 [DEBUG] [LIMITER-COOLDOWN] 冷却结束，等待自然基线
2026-08-06 10:34:10,159 [DEBUG] [LIMITER] 40504→447 (变化90.6x, 电流增加)
2026-08-06 10:34:10,729 [INFO] [BASELINE-RESET] 检测到负载切换，重置电压+电流基线+限幅器 c_med=40511(→4092.0μA) 历史c_mid=447(→45.2μA) 电流变化=8963%
2026-08-06 10:34:11,083 [DEBUG] [LIMITER-COOLDOWN] 冷却结束，等待自然基线
2026-08-06 10:34:11,299 [DEBUG] [LIMITER] 40518→447 (变化90.6x, 电流增加)
2026-08-06 10:34:11,869 [INFO] [BASELINE-RESET] 检测到负载切换，重置电压+电流基线+限幅器 c_med=40525(→4093.4μA) 历史c_mid=447(→45.2μA) 电流变化=8966%
2026-08-06 10:34:12,234 [DEBUG] [LIMITER-COOLDOWN] 冷却结束，等待自然基线
2026-08-06 10:34:12,434 [INFO] 采集已停止
2026-08-06 10:34:13,478 [INFO] USB设备已断开
