2026-08-06 10:33:00,780 [INFO] 日志: D:\工作文件夹\宠物定位器\P55\测试工具\PG-Power\logs\pg_power_20260806_103300.log
2026-08-06 10:33:01,026 [WARNING] GPIB: Could not find module 'D:\工作文件夹\宠物定位器\P55\测试工具\PG-Power\ni4882.dll' (or one of its dependencies). Try using the full path with constructor syntax.
2026-08-06 10:33:07,372 [INFO] USB设备已连接: VID=1209 PID=7301 EP_IN=0x81 EP_OUT=0x02
2026-08-06 10:33:09,322 [INFO] 采集启动: mode=luatos, USB_OK=True, dev=DEVICE ID 1209:7301 on Bus 001 Address 005 =================
 bLength                :   0x12 (18 bytes)
 bDescriptorType        :    0x1 Device
 bcdUSB                 :  0x210 USB 2.1
 bDeviceClass           :    0x0 Specified at interface
 bDeviceSubClass        :    0x0
 bDeviceProtocol        :    0x0
 bMaxPacketSize0        :   0x40 (64 bytes)
 idVendor               : 0x1209
 idProduct              : 0x7301
 bcdDevice              :  0x100 Device 1.0
 iManufacturer          :    0x1 上海合宙通信有限公司
 iProduct               :    0x4 IotPower-cc
 iSerialNumber          :    0x3 CC-1A604F530
 bNumConfigurations     :    0x1
  CONFIGURATION 1: 200 mA ==================================
   bLength              :    0x9 (9 bytes)
   bDescriptorType      :    0x2 Configuration
   wTotalLength         :   0x20 (32 bytes)
   bNumInterfaces       :    0x1
   bConfigurationValue  :    0x1
   iConfiguration       :    0x0 
   bmAttributes         :   0x80 Bus Powered
   bMaxPower            :   0x64 (200 mA)
    INTERFACE 0: Vendor Specific ===========================
     bLength            :    0x9 (9 bytes)
     bDescriptorType    :    0x4 Interface
     bInterfaceNumber   :    0x0
     bAlternateSetting  :    0x0
     bNumEndpoints      :    0x2
     bInterfaceClass    :   0xff Vendor Specific
     bInterfaceSubClass :   0xff
     bInterfaceProtocol :    0x0
     iInterface         :    0x4 IotPower-cc
      ENDPOINT 0x81: Bulk IN ===============================
       bLength          :    0x7 (7 bytes)
       bDescriptorType  :    0x5 Endpoint
       bEndpointAddress :   0x81 IN
       bmAttributes     :    0x2 Bulk
       wMaxPacketSize   :   0x40 (64 bytes)
       bInterval        :    0x1
      ENDPOINT 0x2: Bulk OUT ===============================
       bLength          :    0x7 (7 bytes)
       bDescriptorType  :    0x5 Endpoint
       bEndpointAddress :    0x2 OUT
       bmAttributes     :    0x2 Bulk
       wMaxPacketSize   :   0x40 (64 bytes)
       bInterval        :    0x1
2026-08-06 10:33:09,324 [INFO] _loop线程已启动
2026-08-06 10:33:09,324 [INFO] 采集已启动
2026-08-06 10:33:09,331 [INFO] #1 v_raw=16420 c_raw=623 → V=4.060 C=62.9uA
2026-08-06 10:33:09,403 [INFO] #2 v_raw=16420 c_raw=624 → V=4.060 C=63.0uA
2026-08-06 10:33:09,475 [INFO] #3 v_raw=16420 c_raw=624 → V=4.060 C=63.0uA
2026-08-06 10:33:09,691 [DEBUG] [LIMITER] 39748→624 (变化63.7x, 电流增加)
2026-08-06 10:33:10,260 [INFO] [BASELINE-RESET] 检测到负载切换，重置电压+电流基线+限幅器 c_med=39755(→4015.7μA) 历史c_mid=624(→63.0μA) 电流变化=6271%
2026-08-06 10:33:10,617 [DEBUG] [LIMITER-COOLDOWN] 冷却结束，等待自然基线
2026-08-06 10:33:10,830 [DEBUG] [LIMITER] 39762→624 (变化63.7x, 电流增加)
2026-08-06 10:33:11,401 [INFO] [BASELINE-RESET] 检测到负载切换，重置电压+电流基线+限幅器 c_med=39769(→4017.1μA) 历史c_mid=624(→63.0μA) 电流变化=6273%
2026-08-06 10:33:11,767 [DEBUG] [LIMITER-COOLDOWN] 冷却结束，等待自然基线
2026-08-06 10:33:14,791 [INFO] [BASELINE-RESET] 检测到负载切换，重置电压+电流基线+限幅器 c_med=39812(→4021.4μA) 历史c_mid=624(→63.0μA) 电流变化=6280%
2026-08-06 10:33:15,147 [DEBUG] [LIMITER-COOLDOWN] 冷却结束，等待自然基线
2026-08-06 10:33:15,361 [DEBUG] [LIMITER] 39819→624 (变化63.8x, 电流增加)
2026-08-06 10:33:15,930 [INFO] [BASELINE-RESET] 检测到负载切换，重置电压+电流基线+限幅器 c_med=39826(→4022.8μA) 历史c_mid=624(→63.0μA) 电流变化=6282%
2026-08-06 10:33:16,286 [DEBUG] [LIMITER-COOLDOWN] 冷却结束，等待自然基线
2026-08-06 10:33:16,501 [DEBUG] [LIMITER] 39833→624 (变化63.8x, 电流增加)
2026-08-06 10:33:17,071 [INFO] [BASELINE-RESET] 检测到负载切换，重置电压+电流基线+限幅器 c_med=39840(→4024.2μA) 历史c_mid=624(→63.0μA) 电流变化=6285%
2026-08-06 10:33:17,412 [INFO] 采集已停止
2026-08-06 10:33:25,207 [INFO] USB设备已断开
2026-08-06 10:33:33,112 [INFO] USB设备已断开
