2026-10-08 16:01:35,307 [INFO] 日志: D:\工作文件夹\宠物定位器\P55\测试工具\PG-Power\logs\pg_power_20261008_160135.log
2026-10-08 16:01:35,529 [WARNING] GPIB: Could not find module 'D:\工作文件夹\宠物定位器\P55\测试工具\PG-Power\ni4882.dll' (or one of its dependencies). Try using the full path with constructor syntax.
2026-10-08 16:01:41,528 [INFO] 用户点立即下载: https://github.com/dxdw2021/PG-Power/releases/download/v2.0.11/PG-Power_v2.0.11.exe
2026-10-08 16:01:41,529 [INFO] [更新] 开始下载 vv2.0.11, URL=https://github.com/dxdw2021/PG-Power/releases/download/v2.0.11/PG-Power_v2.0.11.exe
2026-10-08 16:01:41,550 [INFO] [更新] QProgressDialog 已显示
2026-10-08 16:01:41,552 [INFO] [更新] 目标路径: D:\Tools\Temp\PG-Power_vv2.0.11.exe
2026-10-08 16:01:41,552 [INFO] [更新] 下载线程已启动
2026-10-08 16:01:41,554 [INFO] [更新线程] 启动下载: https://github.com/dxdw2021/PG-Power/releases/download/v2.0.11/PG-Power_v2.0.11.exe
2026-10-08 16:01:56,617 [INFO] [更新进度] 3/70MB (5%)
2026-10-08 16:02:27,044 [INFO] [更新进度] 7/70MB (10%)
2026-10-08 16:02:46,524 [INFO] [更新进度] 10/70MB (15%)
2026-10-08 16:03:11,837 [INFO] [更新进度] 14/70MB (20%)
2026-10-08 16:03:31,297 [INFO] [更新进度] 17/70MB (25%)
2026-10-08 16:03:52,301 [INFO] [更新进度] 21/70MB (30%)
2026-10-08 16:04:13,485 [INFO] [更新进度] 24/70MB (35%)
2026-10-08 16:04:37,786 [INFO] [更新进度] 28/70MB (40%)
2026-10-08 16:05:03,094 [INFO] [更新进度] 31/70MB (45%)
2026-10-08 16:05:26,925 [INFO] [更新进度] 35/70MB (50%)
2026-10-08 16:06:03,758 [INFO] [更新进度] 38/70MB (55%)
2026-10-08 16:06:45,196 [INFO] [更新进度] 42/70MB (60%)
2026-10-08 16:07:13,890 [INFO] [更新进度] 45/70MB (65%)
2026-10-08 16:07:50,407 [INFO] [更新进度] 49/70MB (70%)
2026-10-08 16:08:19,427 [INFO] [更新进度] 52/70MB (75%)
2026-10-08 16:08:45,890 [INFO] [更新进度] 56/70MB (80%)
2026-10-08 16:09:14,447 [INFO] [更新进度] 59/70MB (85%)
2026-10-08 16:09:36,813 [INFO] [更新进度] 63/70MB (90%)
2026-10-08 16:10:06,673 [INFO] [更新进度] 66/70MB (95%)
2026-10-08 16:10:35,511 [INFO] [更新进度] 70/70MB (100%)
2026-10-08 16:10:35,512 [INFO] [更新线程] 下载完成 ok=True, info=73800146
2026-10-08 16:10:35,519 [INFO] [更新] 下载成功: D:\Tools\Temp\PG-Power_vv2.0.11.exe (73800146 字节)
