2026-06-13 18:51:01,110 [INFO] 日志: D:\工作文件夹\宠物定位器\P55\测试工具\PG-Power\logs\pg_power_20260613_185101.log
2026-06-13 18:51:01,365 [WARNING] GPIB: Could not find module 'D:\工作文件夹\宠物定位器\P55\测试工具\PG-Power\ni4882.dll' (or one of its dependencies). Try using the full path with constructor syntax.
2026-06-13 18:51:08,295 [WARNING] 未找到设备 VID_1209/PID_7301
2026-06-13 18:51:19,530 [INFO] USB设备已连接: VID=1209 PID=7301 EP_IN=0x81 EP_OUT=0x02
2026-06-13 18:51:31,785 [INFO] 采集启动: mode=luatos, USB_OK=True, dev=DEVICE ID 1209:7301 on Bus 001 Address 020 =================
 bLength                :   0x12 (18 bytes)
 bDescriptorType        :    0x1 Device
 bcdUSB                 :  0x210 USB 2.1
 bDeviceClass           :    0x0 Specified at interface
 bDeviceSubClass        :    0x0
 bDeviceProtocol        :    0x0
 bMaxPacketSize0        :   0x40 (64 bytes)
 idVendor               : 0x1209
 idProduct              : 0x7301
 bcdDevice              :  0x100 Device 1.0
 iManufacturer          :    0x1 上海合宙通信有限公司
 iProduct               :    0x4 IotPower-cc
 iSerialNumber          :    0x3 CC-1A604F530
 bNumConfigurations     :    0x1
  CONFIGURATION 1: 200 mA ==================================
   bLength              :    0x9 (9 bytes)
   bDescriptorType      :    0x2 Configuration
   wTotalLength         :   0x20 (32 bytes)
   bNumInterfaces       :    0x1
   bConfigurationValue  :    0x1
   iConfiguration       :    0x0 
   bmAttributes         :   0x80 Bus Powered
   bMaxPower            :   0x64 (200 mA)
    INTERFACE 0: Vendor Specific ===========================
     bLength            :    0x9 (9 bytes)
     bDescriptorType    :    0x4 Interface
     bInterfaceNumber   :    0x0
     bAlternateSetting  :    0x0
     bNumEndpoints      :    0x2
     bInterfaceClass    :   0xff Vendor Specific
     bInterfaceSubClass :   0xff
     bInterfaceProtocol :    0x0
     iInterface         :    0x4 IotPower-cc
      ENDPOINT 0x81: Bulk IN ===============================
       bLength          :    0x7 (7 bytes)
       bDescriptorType  :    0x5 Endpoint
       bEndpointAddress :   0x81 IN
       bmAttributes     :    0x2 Bulk
       wMaxPacketSize   :   0x40 (64 bytes)
       bInterval        :    0x1
      ENDPOINT 0x2: Bulk OUT ===============================
       bLength          :    0x7 (7 bytes)
       bDescriptorType  :    0x5 Endpoint
       bEndpointAddress :    0x2 OUT
       bmAttributes     :    0x2 Bulk
       wMaxPacketSize   :   0x40 (64 bytes)
       bInterval        :    0x1
2026-06-13 18:51:31,786 [INFO] _loop线程已启动
2026-06-13 18:51:31,786 [INFO] 采集已启动
2026-06-13 18:51:31,790 [INFO] #1 v_raw=16466 c_raw=689 → V=4.072 C=69.6uA
2026-06-13 18:51:31,862 [INFO] #2 v_raw=16427 c_raw=690 → V=4.062 C=69.7uA
2026-06-13 18:51:31,935 [INFO] #3 v_raw=16465 c_raw=689 → V=4.071 C=69.6uA
2026-06-13 18:51:45,980 [INFO] #200 v_raw=16435 c_raw=689 → V=4.064 C=69.6uA
2026-06-13 18:52:00,290 [INFO] #400 v_raw=16442 c_raw=689 → V=4.066 C=69.6uA
2026-06-13 18:52:14,612 [INFO] #600 v_raw=16425 c_raw=689 → V=4.062 C=69.6uA
2026-06-13 18:52:28,925 [INFO] #800 v_raw=16435 c_raw=689 → V=4.064 C=69.6uA
2026-06-13 18:52:43,256 [INFO] #1000 v_raw=16427 c_raw=689 → V=4.062 C=69.6uA
2026-06-13 18:52:57,589 [INFO] #1200 v_raw=16385 c_raw=2 → V=4.052 C=0.2uA
2026-06-13 18:53:11,930 [INFO] #1400 v_raw=16386 c_raw=2 → V=4.052 C=0.2uA
2026-06-13 18:53:26,231 [INFO] #1600 v_raw=16386 c_raw=12 → V=4.052 C=1.2uA
2026-06-13 18:53:40,682 [INFO] #1800 v_raw=16443 c_raw=689 → V=4.066 C=69.6uA
2026-06-13 18:53:55,069 [INFO] #2000 v_raw=16444 c_raw=689 → V=4.066 C=69.6uA
2026-06-13 18:54:09,493 [INFO] #2200 v_raw=16436 c_raw=689 → V=4.064 C=69.6uA
2026-06-13 18:54:16,516 [INFO] USB设备已断开
